C51 COMPILER V9.60.0.0   MAIN                                                              06/21/2022 23:46:21 PAGE 1   


C51 COMPILER V9.60.0.0, COMPILATION OF MODULE MAIN
OBJECT MODULE PLACED IN .\Objects\main.obj
COMPILER INVOKED BY: C:\Keil_v5\C51\BIN\C51.EXE main.c OPTIMIZE(8,SPEED) BROWSE DEBUG OBJECTEXTEND CODE PRINT(.\Listings
                    -\main.lst) TABS(2) OBJECT(.\Objects\main.obj)

line level    source

   1          #include <aduc834.h>
   2          #include <intx_t.h>
   3          #include <lab2_board.h>
   4          #include <stdio.h>
   5          
   6          unsigned int a = 100;
   7          unsigned int b = 200;
   8          unsigned int c = 300;
   9          unsigned int L = 0;
  10          unsigned int X = 0;
  11          
  12          int main ()
  13          {   
  14   1        TCON = (1<<4)|(1<<0);
  15   1        TMOD = (1<<0);
  16   1        while(1){
  17   2          TF0 = 0;
  18   2          X = a * 131;
  19   2          L = 65536 - 1 - X;
  20   2          TL0 = L%256;
  21   2          TH0 = L/256;
  22   2          while(TF0 == 0){
  23   3            };
  24   2          TF0 = 0;
  25   2          P2&= ~(1<<0);
  26   2          }
  27   1      }
C51 COMPILER V9.60.0.0   MAIN                                                              06/21/2022 23:46:21 PAGE 2   

ASSEMBLY LISTING OF GENERATED OBJECT CODE


             ; FUNCTION main (BEGIN)
                                           ; SOURCE LINE # 12
                                           ; SOURCE LINE # 13
                                           ; SOURCE LINE # 14
0000 758811            MOV     TCON,#011H
                                           ; SOURCE LINE # 15
0003 758901            MOV     TMOD,#01H
0006         ?C0001:
                                           ; SOURCE LINE # 16
                                           ; SOURCE LINE # 17
0006 C28D              CLR     TF0
                                           ; SOURCE LINE # 18
0008 AE00        R     MOV     R6,a
000A AF00        R     MOV     R7,a+01H
000C 7C00              MOV     R4,#00H
000E 7D83              MOV     R5,#083H
0010 120000      E     LCALL   ?C?IMUL
0013 8E00        R     MOV     X,R6
0015 8F00        R     MOV     X+01H,R7
                                           ; SOURCE LINE # 19
0017 C3                CLR     C
0018 74FF              MOV     A,#0FFH
001A 9500        R     SUBB    A,X+01H
001C F500        R     MOV     L+01H,A
001E 74FF              MOV     A,#0FFH
0020 9500        R     SUBB    A,X
0022 F500        R     MOV     L,A
                                           ; SOURCE LINE # 20
0024 85008A      R     MOV     TL0,L+01H
                                           ; SOURCE LINE # 21
0027 E500        R     MOV     A,L
0029 F58C              MOV     TH0,A
002B         ?C0003:
                                           ; SOURCE LINE # 22
002B 308DFD            JNB     TF0,?C0003
                                           ; SOURCE LINE # 23
                                           ; SOURCE LINE # 24
002E C28D              CLR     TF0
                                           ; SOURCE LINE # 25
0030 53A0FE            ANL     P2,#0FEH
                                           ; SOURCE LINE # 26
0033 80D1              SJMP    ?C0001
             ; FUNCTION main (END)



MODULE INFORMATION:   STATIC OVERLAYABLE
   CODE SIZE        =     53    ----
   CONSTANT SIZE    =   ----    ----
   XDATA SIZE       =   ----    ----
   PDATA SIZE       =   ----    ----
   DATA SIZE        =     10    ----
   IDATA SIZE       =   ----    ----
   BIT SIZE         =   ----    ----
END OF MODULE INFORMATION.


C51 COMPILATION COMPLETE.  0 WARNING(S),  0 ERROR(S)
